Warning: You are sending unauthenticated requests to the HF Hub. Please set a HF_TOKEN to enable higher rate limits and faster downloads.
Loading weights:   0%|          | 0/103 [00:00<?, ?it/s]Loading weights: 100%|##########| 103/103 [00:00<00:00, 5440.22it/s]
6 file(s) in analysis matched no module in the contract and were excluded from scoring: docs/conf.py, tests/test_itsdangerous/test_encoding.py, tests/test_itsdangerous/test_serializer.py, tests/test_itsdangerous/test_signer.py, tests/test_itsdangerous/test_timed.py, tests/test_itsdangerous/test_url_safe.py
[job 01f40cf7-bff7-4759-a757-3353a34bd9fe] Failed to persist the analysis run; the dashboard will show no data for this job even though the analysis completed
Traceback (most recent call last):
  File "D:\study\archguard\archguard\dashboard\pipeline_adapter.py", line 148, in _persist
    await persist_run(
  File "D:\study\archguard\archguard\db\store.py", line 309, in persist_run
    raise ValueError(f"cannot persist a run for unknown job {job_id!r}")
ValueError: cannot persist a run for unknown job '01f40cf7-bff7-4759-a757-3353a34bd9fe'
itsdangerous   health 100.0 -> 100.0 active [2, 4] -> [2, 3, 4]  40.56s -> 16.39s
18 file(s) in analysis matched no module in the contract and were excluded from scoring: docs/conf.py, examples/benchmark.py, tests/conftest.py, tests/issue_263.py, tests/test_adapter.py, tests/test_cache_control.py, tests/test_chunked_response.py, tests/test_etag.py, tests/test_expires_heuristics.py, tests/test_max_age.py, tests/test_redirects.py, tests/test_regressions.py, tests/test_serialization.py, tests/test_server_http_version.py, tests/test_storage_filecache.py, tests/test_storage_redis.py, tests/test_vary.py, tests/utils.py
[job b3cdec38-11ea-4ba6-baa3-262aefca0950] Failed to persist the analysis run; the dashboard will show no data for this job even though the analysis completed
Traceback (most recent call last):
  File "D:\study\archguard\archguard\dashboard\pipeline_adapter.py", line 148, in _persist
    await persist_run(
  File "D:\study\archguard\archguard\db\store.py", line 309, in persist_run
    raise ValueError(f"cannot persist a run for unknown job {job_id!r}")
ValueError: cannot persist a run for unknown job 'b3cdec38-11ea-4ba6-baa3-262aefca0950'
cachecontrol   health 100.0 -> 100.0 active [2, 4] -> [2, 3, 4]  2.58s -> 0.83s
68 file(s) in analysis matched no module in the contract and were excluded from scoring: docs/conf.py, examples/aliases/aliases.py, examples/colors/colors.py, examples/completion/completion.py, examples/complex/complex/cli.py, examples/complex/complex/commands/cmd_init.py, examples/complex/complex/commands/cmd_status.py, examples/imagepipe/imagepipe.py, examples/inout/inout.py, examples/naval/naval.py, examples/repo/repo.py, examples/termui/termui.py, examples/validation/validation.py, tests/conftest.py, tests/test_abort_interrupt.py, tests/test_arguments.py, tests/test_basic.py, tests/test_chain.py, tests/test_command_decorators.py, tests/test_commands.py (and 48 more)
[job 59eb4cb8-8db5-48cd-bc9e-aa54f5031cec] Failed to persist the analysis run; the dashboard will show no data for this job even though the analysis completed
Traceback (most recent call last):
  File "D:\study\archguard\archguard\dashboard\pipeline_adapter.py", line 148, in _persist
    await persist_run(
  File "D:\study\archguard\archguard\db\store.py", line 309, in persist_run
    raise ValueError(f"cannot persist a run for unknown job {job_id!r}")
ValueError: cannot persist a run for unknown job '59eb4cb8-8db5-48cd-bc9e-aa54f5031cec'
click          health 100.0 -> 100.0 active [2, 4] -> [2, 3, 4]  31.34s -> 21.66s
49 file(s) in analysis matched no module in the contract and were excluded from scoring: docs/conf.py, examples/celery/make_celery.py, examples/celery/src/task_app/__init__.py, examples/celery/src/task_app/tasks.py, examples/celery/src/task_app/views.py, examples/javascript/js_example/__init__.py, examples/javascript/js_example/views.py, examples/tutorial/flaskr/__init__.py, examples/tutorial/flaskr/auth.py, examples/tutorial/flaskr/blog.py, examples/tutorial/flaskr/db.py, tests/conftest.py, tests/test_appctx.py, tests/test_apps/blueprintapp/__init__.py, tests/test_apps/blueprintapp/apps/admin/__init__.py, tests/test_apps/blueprintapp/apps/frontend/__init__.py, tests/test_apps/cliapp/app.py, tests/test_apps/cliapp/factory.py, tests/test_apps/cliapp/importerrorapp.py, tests/test_apps/cliapp/inner1/__init__.py (and 29 more)
[job 3074053a-64d6-4620-a132-e4a13c89d1b0] Failed to persist the analysis run; the dashboard will show no data for this job even though the analysis completed
Traceback (most recent call last):
  File "D:\study\archguard\archguard\dashboard\pipeline_adapter.py", line 148, in _persist
    await persist_run(
  File "D:\study\archguard\archguard\db\store.py", line 309, in persist_run
    raise ValueError(f"cannot persist a run for unknown job {job_id!r}")
ValueError: cannot persist a run for unknown job '3074053a-64d6-4620-a132-e4a13c89d1b0'
flask          health  95.0 -> 96.7  active [2, 4] -> [2, 3, 4]  16.91s -> 8.67s
15 file(s) in analysis matched no module in the contract and were excluded from scoring: docs/_themes/flask_theme_support.py, docs/conf.py, setup.py, tests/__init__.py, tests/compat.py, tests/conftest.py, tests/test_adapters.py, tests/test_help.py, tests/test_hooks.py, tests/test_lowlevel.py, tests/test_packages.py, tests/test_requests.py, tests/test_structures.py, tests/test_testserver.py, tests/test_utils.py
[job 79bcbfa9-76ba-4ea1-b248-b21bb8ba71c2] Failed to persist the analysis run; the dashboard will show no data for this job even though the analysis completed
Traceback (most recent call last):
  File "D:\study\archguard\archguard\dashboard\pipeline_adapter.py", line 148, in _persist
    await persist_run(
  File "D:\study\archguard\archguard\db\store.py", line 309, in persist_run
    raise ValueError(f"cannot persist a run for unknown job {job_id!r}")
ValueError: cannot persist a run for unknown job '79bcbfa9-76ba-4ea1-b248-b21bb8ba71c2'
requests       health 100.0 -> 100.0 active [2, 4] -> [2, 3, 4]  10.88s -> 5.91s
45 file(s) in analysis matched no module in the contract and were excluded from scoring: benchmarks/_utils.py, benchmarks/conftest.py, benchmarks/file_response_benchmark.py, benchmarks/gzip_benchmark.py, benchmarks/json_benchmark.py, benchmarks/multipart_benchmark.py, benchmarks/request_benchmark.py, benchmarks/response_benchmark.py, benchmarks/routing_benchmark.py, benchmarks/streaming_response_benchmark.py, benchmarks/urlencoded_benchmark.py, benchmarks/websocket_benchmark.py, tests/conftest.py, tests/middleware/test_base.py, tests/middleware/test_body_limit.py, tests/middleware/test_cors.py, tests/middleware/test_errors.py, tests/middleware/test_gzip.py, tests/middleware/test_https_redirect.py, tests/middleware/test_middleware.py (and 25 more)
[job ae8332d5-eea0-4ab2-9a44-be042c5ead09] Failed to persist the analysis run; the dashboard will show no data for this job even though the analysis completed
Traceback (most recent call last):
  File "D:\study\archguard\archguard\dashboard\pipeline_adapter.py", line 148, in _persist
    await persist_run(
  File "D:\study\archguard\archguard\db\store.py", line 309, in persist_run
    raise ValueError(f"cannot persist a run for unknown job {job_id!r}")
ValueError: cannot persist a run for unknown job 'ae8332d5-eea0-4ab2-9a44-be042c5ead09'
starlette      health  90.0 -> 93.3  active [2, 4] -> [2, 3, 4]  20.16s -> 12.91s
3 file(s) in analysis matched no module in the contract and were excluded from scoring: config.py, microblog.py, tests.py
[job 1d27d152-886c-4902-bd70-e52855f3c447] Failed to persist the analysis run; the dashboard will show no data for this job even though the analysis completed
Traceback (most recent call last):
  File "D:\study\archguard\archguard\dashboard\pipeline_adapter.py", line 148, in _persist
    await persist_run(
  File "D:\study\archguard\archguard\db\store.py", line 309, in persist_run
    raise ValueError(f"cannot persist a run for unknown job {job_id!r}")
ValueError: cannot persist a run for unknown job '1d27d152-886c-4902-bd70-e52855f3c447'
microblog      health  50.0 -> 66.7  active [2, 4] -> [2, 3, 4]  3.83s -> 0.84s
5 file(s) in analysis matched no module in the contract and were excluded from scoring: examples/randomuser-sqlite.py, tests/conftest.py, tests/test_105.py, tests/test_records.py, tests/test_transactions.py
[job a18a0ddc-9718-4380-85b9-ba1a1ba3ee11] Failed to persist the analysis run; the dashboard will show no data for this job even though the analysis completed
Traceback (most recent call last):
  File "D:\study\archguard\archguard\dashboard\pipeline_adapter.py", line 148, in _persist
    await persist_run(
  File "D:\study\archguard\archguard\db\store.py", line 309, in persist_run
    raise ValueError(f"cannot persist a run for unknown job {job_id!r}")
ValueError: cannot persist a run for unknown job 'a18a0ddc-9718-4380-85b9-ba1a1ba3ee11'
records        health 100.0 -> 100.0 active [2, 4] -> [2, 3, 4]  2.5s -> 1.36s
33 file(s) in analysis matched no module in the contract and were excluded from scoring: tests/client/test_async_client.py, tests/client/test_auth.py, tests/client/test_client.py, tests/client/test_cookies.py, tests/client/test_event_hooks.py, tests/client/test_headers.py, tests/client/test_properties.py, tests/client/test_proxies.py, tests/client/test_queryparams.py, tests/client/test_redirects.py, tests/concurrency.py, tests/conftest.py, tests/models/test_cookies.py, tests/models/test_headers.py, tests/models/test_queryparams.py, tests/models/test_requests.py, tests/models/test_responses.py, tests/models/test_url.py, tests/models/test_whatwg.py, tests/test_api.py (and 13 more)
[job 784e6191-4a6a-472b-b743-71e7b0f74324] Failed to persist the analysis run; the dashboard will show no data for this job even though the analysis completed
Traceback (most recent call last):
  File "D:\study\archguard\archguard\dashboard\pipeline_adapter.py", line 148, in _persist
    await persist_run(
  File "D:\study\archguard\archguard\db\store.py", line 309, in persist_run
    raise ValueError(f"cannot persist a run for unknown job {job_id!r}")
ValueError: cannot persist a run for unknown job '784e6191-4a6a-472b-b743-71e7b0f74324'
httpx          health  75.0 -> 83.3  active [2, 4] -> [2, 3, 4]  18.58s -> 14.72s
30 file(s) in analysis matched no module in the contract and were excluded from scoring: bench/test_benchmarks.py, tests/attr_import_star.py, tests/conftest.py, tests/dataclass_transform_example.py, tests/strategies.py, tests/test_3rd_party.py, tests/test_abc.py, tests/test_annotations.py, tests/test_cmp.py, tests/test_compat.py, tests/test_config.py, tests/test_converters.py, tests/test_dunders.py, tests/test_filters.py, tests/test_forward_references.py, tests/test_funcs.py, tests/test_functional.py, tests/test_hooks.py, tests/test_import.py, tests/test_init_subclass.py (and 10 more)
[job 58c43b9d-9a3c-4fc2-b659-2983e26e5f9c] Failed to persist the analysis run; the dashboard will show no data for this job even though the analysis completed
Traceback (most recent call last):
  File "D:\study\archguard\archguard\dashboard\pipeline_adapter.py", line 148, in _persist
    await persist_run(
  File "D:\study\archguard\archguard\db\store.py", line 309, in persist_run
    raise ValueError(f"cannot persist a run for unknown job {job_id!r}")
ValueError: cannot persist a run for unknown job '58c43b9d-9a3c-4fc2-b659-2983e26e5f9c'
attrs          health  96.2 -> 97.5  active [2, 4] -> [2, 3, 4]  11.33s -> 8.14s

wrote C:\Users\jainam\AppData\Local\Temp\ag_rescan.json
